<html><head><script>
<!--
ss = _ss;</script>
</head><html><a id="aw" onMouseOver="return ss('print \"Go home\"')"><b></b></a>Last updated: monday &amp; tuesday<br><table cellspacing=0 cellpadding=0 align="right" bgColor=#ffffff border=0><tr><td><ol><li> Result: &quot;result #0&nbsp;&quot;<li> Goodness of result: 5<li> xml-safe result: &quot;result #0&#160;&quot;</ol></td></tr></table><table cellspacing=0 cellpadding=0 align="right" border=0><tr><td><ol><li> Result: &quot;result #1&nbsp;&quot;<li> Goodness of result: 6<li> xml-safe result: &quot;result #1&#160;&quot;</ol></td></tr></table><table cellspacing=0 cellpadding=0 align="right" bgColor=#ffffff border=0><tr><td><ol><li> Result: &quot;result #2&nbsp;&quot;<li> Goodness of result: 7<li> xml-safe result: &quot;result #2&#160;&quot;</ol></td></tr></table><center><p><hr class=z><table width=100% cellpadding=2 cellspacing=0 border=0><tr><td align=center><font size=-1></font></table><br><font size=-1 class=p></font></center></html></body>